// Jest Snapshot v1, https://goo.gl/fbAQLP

exports[`AboutScreen renders correctly 1`] = `
<RCTScrollView
  style={
    {
      "backgroundColor": "#FFFFFF",
      "flex": 1,
      "paddingHorizontal": 16,
    }
  }
>
  <View>
    <StickersImage
      sticker="earth"
    />
    <Text.Primary
      style={
        {
          "paddingVertical": 26,
        }
      }
    >
     
    </Text.Primary>
    <Text.H2
      style={
        {
          "paddingVertical": 26,
        }
      }
    >
      We care about you
    </Text.H2>
    <Text.H3
      style={
        {
          "paddingVertical": 12,
        }
      }
    >
      Privacy by design
    </Text.H3>
    <Text.Primary>
      All data provided in the app will never be sold or shared to any companies and we don't track what you do in the app 
    </Text.Primary>
    <Text.H3
      style={
        {
          "paddingVertical": 12,
        }
      }
    >
      Ethic by design
    </Text.H3>
    <Text.Primary>
      We don't exploit psychological vulnerabilities like bottomless feeds or auto-play to keep users from leaving 
    </Text.Primary>
    <Text.H3
      style={
        {
          "paddingVertical": 12,
        }
      }
    >
      100% Open source
    </Text.H3>
    <Text.Primary>
      Everyone will be able to add content to the app, verify emissions models and fix any incorrect information
    </Text.Primary>
    <Text.H2
      style={
        {
          "paddingVertical": 26,
        }
      }
    >
      Libraries & contributors
    </Text.H2>
    <View
      style={
        {
          "flexDirection": "row",
        }
      }
    >
      <Text.Primary>
        Can be found on 
      </Text.Primary>
      <Text.Link
        url="https://github.com/KumarAryan0530/Eco-Track"
      >
        Github
      </Text.Link>
    </View>
    <View
      style={
        {
          "height": 30,
        }
      }
    />
  </View>
</RCTScrollView>
`;
